TestJWTMaker
TestExpiredJWTToken
TestCreateAccount
TestDeleteAccount
TestListAccounts
TestCreateEntry
TestGetEntry
TestListEntries
TestTransferTx
TestTransferTxDeadlock
TestCreateTransfer
TestGetTransfer
TestListTransfer
TestCreateUser
TestGetUser
